Running build hooks...Running build hooks...  0s riverpod_generator on 71 inputs; lib/bootstrap.dart
  0s riverpod_generator on 71 inputs: 1 skipped; lib/core/design_system/spacings.dart
  0s riverpod_generator on 71 inputs: 71 skipped
  0s freezed on 71 inputs; lib/bootstrap.dart
  0s freezed on 71 inputs: 71 skipped
  0s json_serializable on 142 inputs; lib/bootstrap.dart
  0s json_serializable on 142 inputs: 142 skipped
  0s source_gen:combining_builder on 142 inputs; lib/bootstrap.dart
  0s source_gen:combining_builder on 142 inputs: 142 skipped
E freezed on lib/features/favorites/domain/entities/favorite_pokemon.dart:
  Getters require a MyClass._() constructor
  package:pokedex_global66/features/favorites/domain/entities/favorite_pokemon.dart:33:14
     ÔòÀ
  33 Ôöé   String get displayName =>
     Ôöé              ^^^^^^^^^^^
     ÔòÁ
E freezed on lib/features/pokemon_list/domain/entities/pokemon_summary.dart:
  Getters require a MyClass._() constructor
  package:pokedex_global66/features/pokemon_list/domain/entities/pokemon_summary.dart:18:14
     ÔòÀ
  18 Ôöé   String get displayName =>
     Ôöé              ^^^^^^^^^^^
     ÔòÁ
  Failed to build with build_runner/jit in 2s; wrote 0 outputs.
